// Jest Snapshot v1, https://goo.gl/fbAQLP

exports[`matches the snapshot 1`] = `
<div>
  <div
    class="sc-bdVaJa dEOUZa"
  >
    GITHUB SEARCH
  </div>
</div>
`;
