// Jest Snapshot v1, https://goo.gl/fbAQLP

exports[`matches the snapshot 1`] = `
<input
  id="search"
  placeholder="github-search-graphql"
  type="search"
  value=""
/>
`;
